Microchip MPLAB XC8 Compiler V2.05 ()

Linker command line:

-W-3 --edf=C:\Program Files (x86)\Microchip\xc8\v2.05\pic\dat\en_msgs.txt \
  -cs -h+dist/default/production\Complete_code.X.production.sym \
  --cmf=dist/default/production\Complete_code.X.production.cmf -z -Q18F4620 \
  -oC:\Users\Chen\AppData\Local\Temp\se34.2 --defsym=__MPLAB_BUILD=1 \
  -Mdist/default/production/Complete_code.X.production.map -E1 -ver=XC8 \
  --acfsm=1493 -ASTACK=01A2h-0F7Fh -pstack=STACK -ACODE=00h-0FFFFh \
  -ACONST=00h-0FFFFh -ASMALLCONST=01000h-010FFhx240 \
  -AMEDIUMCONST=01000h-0FFFFh -ACOMRAM=01h-07Fh -AABS1=00h-0F7Fh \
  -ABIGRAM=01h-0F7Fh -ARAM=080h-0FFh,0100h-01FFhx14,0F00h-0F7Fh \
  -ABANK0=080h-0FFh -ABANK1=0100h-01FFh -ABANK2=0200h-02FFh \
  -ABANK3=0300h-03FFh -ABANK4=0400h-04FFh -ABANK5=0500h-05FFh \
  -ABANK6=0600h-06FFh -ABANK7=0700h-07FFh -ABANK8=0800h-08FFh \
  -ABANK9=0900h-09FFh -ABANK10=0A00h-0AFFh -ABANK11=0B00h-0BFFh \
  -ABANK12=0C00h-0CFFh -ABANK13=0D00h-0DFFh -ABANK14=0E00h-0EFFh \
  -ABANK15=0F00h-0F7Fh -ASFR=0F80h-0FFFh \
  -preset_vec=00h,intcode=08h,intcodelo,powerup,init -pramtop=01000h \
  -psmallconst=SMALLCONST -pmediumconst=MEDIUMCONST -pconst=CONST \
  -AFARRAM=00h-00h -ACONFIG=0300000h-030000Dh -pconfig=CONFIG \
  -AIDLOC=0200000h-0200007h -pidloc=IDLOC -AEEDATA=0F00000h-0F003FFh \
  -peeprom_data=EEDATA \
  -prdata=COMRAM,nvrram=COMRAM,nvbit=COMRAM,rbss=COMRAM,rbit=COMRAM \
  -pfarbss=FARRAM,fardata=FARRAM,nvFARRAM=FARRAM \
  -pintsave_regs=BIGRAM,bigbss=BIGRAM,bigdata=BIGRAM -pbss=RAM \
  -pidata=CODE,irdata=CODE,ibigdata=CODE,ifardata=CODE -prparam=COMRAM \
  C:\Users\Chen\AppData\Local\Temp\se34.o \
  dist/default/production\Complete_code.X.production.o 

Object code version is 3.11

Machine type is 18F4620

Call graph: (short form)




                Name                               Link     Load   Length Selector   Space Scale
C:\Users\Chen\AppData\Local\Temp\se34.o
                init                                  E        E        4        4       0
                reset_vec                             0        0        4        0       0
                idloc                            200000   200000        8   200000       0
                config                           300000   300000        E   300000       0
dist/default/production\Complete_code.X.production.o
                intcode                               8        8        6        4       0
                temp                                 57       57        1        1       1
                mediumconst                        FD0C     FD0C      2F4     7E86       0
                text109                            5260     5260       2A        4       0
                text108                            54D2     54D2       16     2A5E       0
                text107                            5522     5522       12     2A5E       0
                text106                            556E     556E        C     2A5E       0
                text105                            4D92     4D92       52        4       0
                text104                            50DE     50DE       42        4       0
                text103                            5300     5300       26        4       0
                text102                            5438     5438       1E        4       0
                text101                            5562     5562        C     2A5E       0
                text100                            235E     235E      246        4       0
                text99                             53B6     53B6       24        4       0
                text98                             3D8C     3D8C       CC        4       0
                text97                             3FC2     3FC2       AC        4       0
                text96                             46A6     46A6       82        4       0
                text95                             4C90     4C90       5C        4       0
                text94                             5510     5510       12     2A5E       0
                text93                             5392     5392       24        4       0
                text92                             55B2     55B2        8     2AC3       0
                text91                             55AA     55AA        8     2AC3       0
                text90                             5590     5590        A     2AC3       0
                text89                             4250     4250       9C        4       0
                text88                             3AB6     3AB6      136        4       0
                text87                             3392     3392      1B2        4       0
                text86                             18E4     18E4      30C        4       0
                text85                             1E7A     1E7A      288        4       0
                intcode_body                        46E      46E      3A6        4       0
                text83                             4A48     4A48       68        4       0
                text82                             52DA     52DA       26        4       0
                text81                             437A     437A       8E        4       0
                text80                             4CEC     4CEC       54        4       0
                text79                             509A     509A       44        4       0
                text78                             52B2     52B2       28        4       0
                text77                             53DA     53DA       22        4       0
                text76                             5208     5208       2E        4       0
                text75                             5472     5472       1A        4       0
                text74                             548C     548C       18        4       0
                text73                             5544     5544       10     2A5E       0
                text72                             2102     2102      25C        4       0
                text71                             54FC     54FC       14     2A5E       0
                text70                             5534     5534       10     2A5E       0
                text69                             536E     536E       24        4       0
                text68                             5120     5120       40        4       0
                text67                             4E84     4E84       50        4       0
                text66                             5554     5554        E     2A5E       0
                text65                             3CBE     3CBE       CE        4       0
                text64                             3F14     3F14       AE        4       0
                text63                             15D6     15D6      30E        4       0
                text62                             3BEC     3BEC       D2        4       0
                text61                             54BC     54BC       16     2A5E       0
                text60                             451A     451A       86        4       0
                text59                             4F22     4F22       4E        4       0
                text58                             2DEC     2DEC      1FE        4       0
                text57                             45A0     45A0       84        4       0
                text56                             4B76     4B76       60        4       0
                text55                             54E8     54E8       14     2A5E       0
                text54                             5236     5236       2A        4       0
                text53                             55A2     55A2        8     2AC3       0
                text52                             559A     559A        8     2AC3       0
                text51                             5586     5586        A     2AC3       0
                text50                             406E     406E       A8        4       0
                text49                              814      814      38E        4       0
                text48                             5008     5008       4A        4       0
                text47                             4B14     4B14       62        4       0
                text46                             4AB0     4AB0       64        4       0
                text45                             4C34     4C34       5C        4       0
                text44                             2FEA     2FEA      1F2        4       0
                text43                             4816     4816       76        4       0
                text42                             47A0     47A0       76        4       0
                text41                             48FE     48FE       72        4       0
                text40                             5456     5456       1C        4       0
                text39                             4116     4116       9E        4       0
                text38                             541A     541A       1E        4       0
                text37                              F28      F28      35A        4       0
                text36                             534A     534A       24        4       0
                text35                             51D0     51D0       38        4       0
                text34                             4FBC     4FBC       4C        4       0
                text33                             4F70     4F70       4C        4       0
                text32                             4D40     4D40       52        4       0
                text31                             5052     5052       48        4       0
                text30                              BA2      BA2      386        4       0
                text29                             2BE0     2BE0      20C        4       0
                text28                             29D4     29D4      20C        4       0
                text27                             27C8     27C8      20C        4       0
                text26                             41B4     41B4       9C        4       0
                text25                             4970     4970       70        4       0
                text24                             528A     528A       28        4       0
                text23                             397A     397A      13C        4       0
                text22                             4408     4408       8C        4       0
                text21                             3820     3820      15A        4       0
                text20                             4728     4728       78        4       0
                text19                             36C6     36C6      15A        4       0
                text18                             4ED4     4ED4       4E        4       0
                text17                             4E34     4E34       50        4       0
                text16                             4DE4     4DE4       50        4       0
                text15                             53FC     53FC       1E        4       0
                text14                             1BF0     1BF0      28A        4       0
                text13                             42EC     42EC       8E        4       0
                text12                             1282     1282      354        4       0
                text11                             3E58     3E58       BC        4       0
                text10                             25A4     25A4      224        4       0
                text9                              31DC     31DC      1B6        4       0
                text8                              5198     5198       38        4       0
                text7                              5160     5160       38        4       0
                text6                              4624     4624       82        4       0
                text5                              4BD6     4BD6       5E        4       0
                text4                              49E0     49E0       68        4       0
                text3                              3544     3544      182        4       0
                text2                              5326     5326       24        4       0
                text1                              4494     4494       86        4       0
                text0                                12       12      45C        4       0
                cstackCOMRAM                          1        1       33        1       1
                cstackBANK0                          80       80       38       80       1
                cstackBANK1                         192      192       10      100       1
                bssBANK1                            100      100       92      100       1
                dataBANK0                            E8       E8       17       80       1
                bssBANK0                             B8       B8       30       80       1
                dataCOMRAM                           4C       4C        B        1       1
                bssCOMRAM                            34       34       18        1       1
                cinit                              488C     488C       72        4       0
                idataBANK0                         54A4     54A4       17        4       0
                idataCOMRAM                        557A     557A        B     2A5E       0

TOTAL           Name                               Link     Load   Length     Space
        CLASS   STACK          

        CLASS   CODE           
                intcode                               8        8        6         0
                init                                  E        E        4         0
                reset_vec                             0        0        4         0
                text109                            5260     5260       2A         0
                text108                            54D2     54D2       16         0
                text107                            5522     5522       12         0
                text106                            556E     556E        C         0
                text105                            4D92     4D92       52         0
                text104                            50DE     50DE       42         0
                text103                            5300     5300       26         0
                text102                            5438     5438       1E         0
                text101                            5562     5562        C         0
                text100                            235E     235E      246         0
                text99                             53B6     53B6       24         0
                text98                             3D8C     3D8C       CC         0
                text97                             3FC2     3FC2       AC         0
                text96                             46A6     46A6       82         0
                text95                             4C90     4C90       5C         0
                text94                             5510     5510       12         0
                text93                             5392     5392       24         0
                text92                             55B2     55B2        8         0
                text91                             55AA     55AA        8         0
                text90                             5590     5590        A         0
                text89                             4250     4250       9C         0
                text88                             3AB6     3AB6      136         0
                text87                             3392     3392      1B2         0
                text86                             18E4     18E4      30C         0
                text85                             1E7A     1E7A      288         0
                intcode_body                        46E      46E      3A6         0
                text83                             4A48     4A48       68         0
                text82                             52DA     52DA       26         0
                text81                             437A     437A       8E         0
                text80                             4CEC     4CEC       54         0
                text79                             509A     509A       44         0
                text78                             52B2     52B2       28         0
                text77                             53DA     53DA       22         0
                text76                             5208     5208       2E         0
                text75                             5472     5472       1A         0
                text74                             548C     548C       18         0
                text73                             5544     5544       10         0
                text72                             2102     2102      25C         0
                text71                             54FC     54FC       14         0
                text70                             5534     5534       10         0
                text69                             536E     536E       24         0
                text68                             5120     5120       40         0
                text67                             4E84     4E84       50         0
                text66                             5554     5554        E         0
                text65                             3CBE     3CBE       CE         0
                text64                             3F14     3F14       AE         0
                text63                             15D6     15D6      30E         0
                text62                             3BEC     3BEC       D2         0
                text61                             54BC     54BC       16         0
                text60                             451A     451A       86         0
                text59                             4F22     4F22       4E         0
                text58                             2DEC     2DEC      1FE         0
                text57                             45A0     45A0       84         0
                text56                             4B76     4B76       60         0
                text55                             54E8     54E8       14         0
                text54                             5236     5236       2A         0
                text53                             55A2     55A2        8         0
                text52                             559A     559A        8         0
                text51                             5586     5586        A         0
                text50                             406E     406E       A8         0
                text49                              814      814      38E         0
                text48                             5008     5008       4A         0
                text47                             4B14     4B14       62         0
                text46                             4AB0     4AB0       64         0
                text45                             4C34     4C34       5C         0
                text44                             2FEA     2FEA      1F2         0
                text43                             4816     4816       76         0
                text42                             47A0     47A0       76         0
                text41                             48FE     48FE       72         0
                text40                             5456     5456       1C         0
                text39                             4116     4116       9E         0
                text38                             541A     541A       1E         0
                text37                              F28      F28      35A         0
                text36                             534A     534A       24         0
                text35                             51D0     51D0       38         0
                text34                             4FBC     4FBC       4C         0
                text33                             4F70     4F70       4C         0
                text32                             4D40     4D40       52         0
                text31                             5052     5052       48         0
                text30                              BA2      BA2      386         0
                text29                             2BE0     2BE0      20C         0
                text28                             29D4     29D4      20C         0
                text27                             27C8     27C8      20C         0
                text26                             41B4     41B4       9C         0
                text25                             4970     4970       70         0
                text24                             528A     528A       28         0
                text23                             397A     397A      13C         0
                text22                             4408     4408       8C         0
                text21                             3820     3820      15A         0
                text20                             4728     4728       78         0
                text19                             36C6     36C6      15A         0
                text18                             4ED4     4ED4       4E         0
                text17                             4E34     4E34       50         0
                text16                             4DE4     4DE4       50         0
                text15                             53FC     53FC       1E         0
                text14                             1BF0     1BF0      28A         0
                text13                             42EC     42EC       8E         0
                text12                             1282     1282      354         0
                text11                             3E58     3E58       BC         0
                text10                             25A4     25A4      224         0
                text9                              31DC     31DC      1B6         0
                text8                              5198     5198       38         0
                text7                              5160     5160       38         0
                text6                              4624     4624       82         0
                text5                              4BD6     4BD6       5E         0
                text4                              49E0     49E0       68         0
                text3                              3544     3544      182         0
                text2                              5326     5326       24         0
                text1                              4494     4494       86         0
                text0                                12       12      45C         0
                cinit                              488C     488C       72         0
                idataBANK0                         54A4     54A4       17         0
                idataCOMRAM                        557A     557A        B         0

        CLASS   CONST          

        CLASS   SMALLCONST     

        CLASS   MEDIUMCONST    
                mediumconst                        FD0C     FD0C      2F4         0

        CLASS   COMRAM         
                temp                                 57       57        1         1
                cstackCOMRAM                          1        1       33         1
                dataCOMRAM                           4C       4C        B         1
                bssCOMRAM                            34       34       18         1

        CLASS   ABS1           

        CLASS   BIGRAM         

        CLASS   RAM            

        CLASS   BANK0          
                cstackBANK0                          80       80       38         1
                dataBANK0                            E8       E8       17         1
                bssBANK0                             B8       B8       30         1

        CLASS   BANK1          
                cstackBANK1                         192      192       10         1
                bssBANK1                            100      100       92         1

        CLASS   BANK2          

        CLASS   BANK3          

        CLASS   BANK4          

        CLASS   BANK5          

        CLASS   BANK6          

        CLASS   BANK7          

        CLASS   BANK8          

        CLASS   BANK9          

        CLASS   BANK10         

        CLASS   BANK11         

        CLASS   BANK12         

        CLASS   BANK13         

        CLASS   BANK14         

        CLASS   BANK15         

        CLASS   SFR            

        CLASS   FARRAM         

        CLASS   CONFIG         
                config                           300000   300000        E         0

        CLASS   IDLOC          
                idloc                            200000   200000        8         0

        CLASS   EEDATA         



SEGMENTS        Name                           Load    Length   Top    Selector   Space  Class

                reset_vec                      000000  000004  000004         0       0  CODE    
                cstackCOMRAM                   000001  000057  000058         1       1  COMRAM  
                intcode                        000008  0054B3  0054BB         4       0  CODE    
                cstackBANK0                    000080  00007F  0000FF        80       1  BANK0   
                bssBANK1                       000100  0000A2  0001A2       100       1  BANK1   
                text61                         0054BC  0000C9  005585      2A5E       0  CODE    
                text51                         005586  000034  0055BA      2AC3       0  CODE    
                mediumconst                    00FD0C  0002F4  010000      7E86       0  MEDIUMCO
                idloc                          200000  000008  200008    200000       0  IDLOC   
                config                         300000  00000E  30000E    300000       0  CONFIG  


UNUSED ADDRESS RANGES

        Name                Unused          Largest block    Delta
        BANK0            0000FF-0000FF                1
        BANK1            0001A2-0001FF               5E
        BANK10           000A00-000AFF              100
        BANK11           000B00-000BFF              100
        BANK12           000C00-000CFF              100
        BANK13           000D00-000DFF              100
        BANK14           000E00-000EFF              100
        BANK15           000F00-000F7F               80
        BANK2            000200-0002FF              100
        BANK3            000300-0003FF              100
        BANK4            000400-0004FF              100
        BANK5            000500-0005FF              100
        BANK6            000600-0006FF              100
        BANK7            000700-0007FF              100
        BANK8            000800-0008FF              100
        BANK9            000900-0009FF              100
        BIGRAM           000058-00007F               28
                         0000FF-0000FF                1
                         0001A2-000F7F              DDE
        CODE             000004-000007                4
                         0054BB-0054BB                1
                         005585-005585                1
                         0055BA-00FD0B             A752
        COMRAM           000058-00007F               28
        CONST            000004-000007                4
                         0054BB-0054BB                1
                         005585-005585                1
                         0055BA-00FD0B             A752
        EEDATA           F00000-F003FF              400
        MEDIUMCONST      0054BB-0054BB                1
                         005585-005585                1
                         0055BA-00FD0B             A752
        RAM              0000FF-0000FF                1
                         0001A2-000F7F              100
        SFR              000F80-000FFF               80
        SMALLCONST       0054BB-0054BB                1
                         005585-005585                1
                         0055BA-00FD0B              100
        STACK            0001A2-000F7F              DDE

                                  Symbol Table

?___aldiv                          cstackBANK0  00008A
?___almod                          cstackBANK0  000080
?___awdiv                          cstackBANK0  000080
?___awmod                          cstackBANK0  000080
?___fladd                          cstackBANK0  000080
?___fldiv                          cstackBANK0  000080
?___flmul                          cstackBANK0  000080
?___flsub                          cstackBANK0  000090
?___fltol                          cstackBANK0  000099
?___lldiv                          cstackBANK0  000080
?___llmod                          cstackBANK0  000080
?___lwdiv                          cstackBANK0  000080
?___lwmod                          cstackBANK0  000087
?___wmul                           cstackBANK0  000088
?_crack_drop_bool_function         cstackBANK0  0000A4
?_digit0                           cstackBANK0  000080
?_hole_drop_bool_function          cstackBANK0  0000A4
?_printf                           cstackBANK0  00008E
?_read_total                       cstackBANK0  000088
?i2___aldiv                        cstackCOMRAM 00000B
?i2___almod                        cstackCOMRAM 000001
?i2___fladd                        cstackCOMRAM 000001
?i2___fldiv                        cstackCOMRAM 000001
?i2___lldiv                        cstackCOMRAM 000001
?i2___lwdiv                        cstackCOMRAM 000001
?i2___lwmod                        cstackCOMRAM 000008
?i2___wmul                         cstackCOMRAM 000001
?i2_printf                         cstackCOMRAM 00000D
Cones@print_data                   cstackBANK0  0000A3
Cracks@a                           cstackBANK0  0000B2
Cracks@b                           cstackBANK0  0000B4
Holes2@a                           cstackBANK0  0000B2
Holes2@b                           cstackBANK0  0000B4
I2C_Master_Init@clockFreq          cstackBANK0  00008D
I2C_Master_Read@ackBit             cstackBANK0  000081
I2C_Master_Read@receivedByte       cstackBANK0  000082
I2C_Master_Write@byteToWrite       cstackBANK0  000081
_ADCON1                            (abs)        000FC1
_Cones                             text47       004B14
_Cracks                            text43       004816
_EEADR                             (abs)        000FA9
_EEADRH                            (abs)        000FAA
_EECON1bits                        (abs)        000FA6
_EECON2                            (abs)        000FA7
_EEDATA                            (abs)        000FA8
_GIE                               (abs)        007F97
_Holes2                            text42       0047A0
_I2C_Master_Init                   text56       004B76
_I2C_Master_Read                   text54       005236
_I2C_Master_Start                  text53       0055A2
_I2C_Master_Stop                   text52       00559A
_I2C_Master_Wait                   text55       0054E8
_I2C_Master_Write                  text51       005586
_INT0IE                            (abs)        007F94
_INT0IF                            (abs)        007F91
_INT1IE                            (abs)        007F83
_INT1IF                            (abs)        007F80
_INTCONbits                        (abs)        000FF2
_INTEDG0                           (abs)        007F8E
_LATAbits                          (abs)        000F89
_LATC                              (abs)        000F8B
_LATCbits                          (abs)        000F8B
_LATD                              (abs)        000F8C
_LATDbits                          (abs)        000F8C
_LCD_LINE1_ADDR                    mediumconst  00FD3B
_LCD_LINE2_ADDR                    mediumconst  00FD3A
_LCD_LINE3_ADDR                    mediumconst  00FD39
_LCD_LINE4_ADDR                    mediumconst  00FD38
_LCD_SIZE_HORZ                     mediumconst  00FD3D
_LCD_SIZE_VERT                     mediumconst  00FD3C
_L_I                               text68       005120
_PORTAbits                         (abs)        000F80
_PORTB                             (abs)        000F81
_PORTBbits                         (abs)        000F81
_PORTEbits                         (abs)        000F84
_R_I                               text67       004E84
_SSPADD                            (abs)        000FC8
_SSPBUF                            (abs)        000FC9
_SSPCON1                           (abs)        000FC6
_SSPCON1bits                       (abs)        000FC6
_SSPCON2                           (abs)        000FC5
_SSPCON2bits                       (abs)        000FC5
_SSPSTAT                           (abs)        000FC7
_Stop                              text66       005554
_TRISAbits                         (abs)        000F92
_TRISBbits                         (abs)        000F93
_TRISCbits                         (abs)        000F94
_TRISD                             (abs)        000F95
_TRISEbits                         (abs)        000F96
__CFG_BOREN$SBORDIS                (abs)        000000
__CFG_BORV$3                       (abs)        000000
__CFG_CCP2MX$PORTC                 (abs)        000000
__CFG_CP0$OFF                      (abs)        000000
__CFG_CP1$OFF                      (abs)        000000
__CFG_CP2$OFF                      (abs)        000000
__CFG_CP3$OFF                      (abs)        000000
__CFG_CPB$OFF                      (abs)        000000
__CFG_CPD$OFF                      (abs)        000000
__CFG_EBTR0$OFF                    (abs)        000000
__CFG_EBTR1$OFF                    (abs)        000000
__CFG_EBTR2$OFF                    (abs)        000000
__CFG_EBTR3$OFF                    (abs)        000000
__CFG_EBTRB$OFF                    (abs)        000000
__CFG_FCMEN$OFF                    (abs)        000000
__CFG_IESO$OFF                     (abs)        000000
__CFG_LPT1OSC$OFF                  (abs)        000000
__CFG_LVP$OFF                      (abs)        000000
__CFG_MCLRE$ON                     (abs)        000000
__CFG_OSC$HS                       (abs)        000000
__CFG_PBADEN$ON                    (abs)        000000
__CFG_PWRT$OFF                     (abs)        000000
__CFG_STVREN$ON                    (abs)        000000
__CFG_WDT$OFF                      (abs)        000000
__CFG_WDTPS$32768                  (abs)        000000
__CFG_WRT0$OFF                     (abs)        000000
__CFG_WRT1$OFF                     (abs)        000000
__CFG_WRT2$OFF                     (abs)        000000
__CFG_WRT3$OFF                     (abs)        000000
__CFG_WRTB$OFF                     (abs)        000000
__CFG_WRTC$OFF                     (abs)        000000
__CFG_WRTD$OFF                     (abs)        000000
__CFG_XINST$OFF                    (abs)        000000
__HRAM                             (abs)        000000
__Habs1                            abs1         000000
__Hbank0                           bank0        000000
__Hbank1                           bank1        000000
__Hbank10                          bank10       000000
__Hbank11                          bank11       000000
__Hbank12                          bank12       000000
__Hbank13                          bank13       000000
__Hbank14                          bank14       000000
__Hbank15                          bank15       000000
__Hbank2                           bank2        000000
__Hbank3                           bank3        000000
__Hbank4                           bank4        000000
__Hbank5                           bank5        000000
__Hbank6                           bank6        000000
__Hbank7                           bank7        000000
__Hbank8                           bank8        000000
__Hbank9                           bank9        000000
__Hbigbss                          bigbss       000000
__Hbigdata                         bigdata      000000
__Hbigram                          bigram       000000
__Hbss                             bss          000000
__HbssBANK0                        bssBANK0     000000
__HbssBANK1                        bssBANK1     000000
__HbssCOMRAM                       bssCOMRAM    000000
__Hcinit                           cinit        000000
__Hclrtext                         clrtext      000000
__Hcomram                          comram       000000
__Hconfig                          config       30000E
__Hconst                           const        000000
__HcstackBANK0                     cstackBANK0  000000
__HcstackBANK1                     cstackBANK1  000000
__HcstackCOMRAM                    cstackCOMRAM 000000
__Hdata                            data         000000
__HdataBANK0                       dataBANK0    000000
__HdataCOMRAM                      dataCOMRAM   000000
__Heeprom_data                     eeprom_data  000000
__Hfarbss                          farbss       000000
__Hfardata                         fardata      000000
__Hibigdata                        ibigdata     000000
__Hidata                           idata        000000
__HidataBANK0                      idataBANK0   000000
__HidataCOMRAM                     idataCOMRAM  000000
__Hidloc                           idloc        200008
__Hifardata                        ifardata     000000
__Hinit                            init         000012
__Hintcode                         intcode      00000E
__Hintcode_body                    intcode_body 000000
__Hintcodelo                       intcodelo    00000E
__Hintentry                        intentry     000000
__Hintret                          intret       000000
__Hintsave_regs                    intsave_regs 000000
__Hirdata                          irdata       000000
__Hmediumconst                     mediumconst  010000
__HnvFARRAM                        nvFARRAM     000000
__Hnvbit                           nvbit        000000
__Hnvrram                          nvrram       000000
__Hparam                           rparam       000000
__Hpowerup                         powerup      00000E
__Hram                             ram          000000
__Hramtop                          ramtop       001000
__Hrbit                            rbit         000000
__Hrbss                            rbss         000000
__Hrdata                           rdata        000000
__Hreset_vec                       reset_vec    000004
__Hrparam                          rparam       000000
__Hsfr                             sfr          000000
__Hsmallconst                      smallconst   000000
__Hspace_0                         (abs)        30000E
__Hspace_1                         (abs)        0001A2
__Hspace_2                         (abs)        000000
__Hstack                           stack        000000
__Hstruct                          struct       000000
__Htemp                            temp         000058
__Htext                            text         000000
__Htext0                           text0        000000
__Htext1                           text1        000000
__Htext10                          text10       000000
__Htext100                         text100      000000
__Htext101                         text101      000000
__Htext102                         text102      000000
__Htext103                         text103      000000
__Htext104                         text104      000000
__Htext105                         text105      000000
__Htext106                         text106      000000
__Htext107                         text107      000000
__Htext108                         text108      000000
__Htext109                         text109      000000
__Htext11                          text11       000000
__Htext12                          text12       000000
__Htext13                          text13       000000
__Htext14                          text14       000000
__Htext15                          text15       000000
__Htext16                          text16       000000
__Htext17                          text17       000000
__Htext18                          text18       000000
__Htext19                          text19       000000
__Htext2                           text2        000000
__Htext20                          text20       000000
__Htext21                          text21       000000
__Htext22                          text22       000000
__Htext23                          text23       000000
__Htext24                          text24       000000
__Htext25                          text25       000000
__Htext26                          text26       000000
__Htext27                          text27       000000
__Htext28                          text28       000000
__Htext29                          text29       000000
__Htext3                           text3        000000
__Htext30                          text30       000000
__Htext31                          text31       000000
__Htext32                          text32       000000
__Htext33                          text33       000000
__Htext34                          text34       000000
__Htext35                          text35       000000
__Htext36                          text36       000000
__Htext37                          text37       000000
__Htext38                          text38       000000
__Htext39                          text39       000000
__Htext4                           text4        000000
__Htext40                          text40       000000
__Htext41                          text41       000000
__Htext42                          text42       000000
__Htext43                          text43       000000
__Htext44                          text44       000000
__Htext45                          text45       000000
__Htext46                          text46       000000
__Htext47                          text47       000000
__Htext48                          text48       000000
__Htext49                          text49       000000
__Htext5                           text5        000000
__Htext50                          text50       000000
__Htext51                          text51       000000
__Htext52                          text52       000000
__Htext53                          text53       000000
__Htext54                          text54       000000
__Htext55                          text55       000000
__Htext56                          text56       000000
__Htext57                          text57       000000
__Htext58                          text58       000000
__Htext59                          text59       000000
__Htext6                           text6        000000
__Htext60                          text60       000000
__Htext61                          text61       000000
__Htext62                          text62       000000
__Htext63                          text63       000000
__Htext64                          text64       000000
__Htext65                          text65       000000
__Htext66                          text66       000000
__Htext67                          text67       000000
__Htext68                          text68       000000
__Htext69                          text69       000000
__Htext7                           text7        000000
__Htext70                          text70       000000
__Htext71                          text71       000000
__Htext72                          text72       000000
__Htext73                          text73       000000
__Htext74                          text74       000000
__Htext75                          text75       000000
__Htext76                          text76       000000
__Htext77                          text77       000000
__Htext78                          text78       000000
__Htext79                          text79       000000
__Htext8                           text8        000000
__Htext80                          text80       000000
__Htext81                          text81       000000
__Htext82                          text82       000000
__Htext83                          text83       000000
__Htext85                          text85       000000
__Htext86                          text86       000000
__Htext87                          text87       000000
__Htext88                          text88       000000
__Htext89                          text89       000000
__Htext9                           text9        000000
__Htext90                          text90       000000
__Htext91                          text91       000000
__Htext92                          text92       000000
__Htext93                          text93       000000
__Htext94                          text94       000000
__Htext95                          text95       000000
__Htext96                          text96       000000
__Htext97                          text97       000000
__Htext98                          text98       000000
__Htext99                          text99       000000
__LRAM                             (abs)        000001
__Labs1                            abs1         000000
__Lbank0                           bank0        000000
__Lbank1                           bank1        000000
__Lbank10                          bank10       000000
__Lbank11                          bank11       000000
__Lbank12                          bank12       000000
__Lbank13                          bank13       000000
__Lbank14                          bank14       000000
__Lbank15                          bank15       000000
__Lbank2                           bank2        000000
__Lbank3                           bank3        000000
__Lbank4                           bank4        000000
__Lbank5                           bank5        000000
__Lbank6                           bank6        000000
__Lbank7                           bank7        000000
__Lbank8                           bank8        000000
__Lbank9                           bank9        000000
__Lbigbss                          bigbss       000000
__Lbigdata                         bigdata      000000
__Lbigram                          bigram       000000
__Lbss                             bss          000000
__LbssBANK0                        bssBANK0     000000
__LbssBANK1                        bssBANK1     000000
__LbssCOMRAM                       bssCOMRAM    000000
__Lcinit                           cinit        000000
__Lclrtext                         clrtext      000000
__Lcomram                          comram       000000
__Lconfig                          config       300000
__Lconst                           const        000000
__LcstackBANK0                     cstackBANK0  000000
__LcstackBANK1                     cstackBANK1  000000
__LcstackCOMRAM                    cstackCOMRAM 000000
__Ldata                            data         000000
__LdataBANK0                       dataBANK0    000000
__LdataCOMRAM                      dataCOMRAM   000000
__Leeprom_data                     eeprom_data  000000
__Lfarbss                          farbss       000000
__Lfardata                         fardata      000000
__Libigdata                        ibigdata     000000
__Lidata                           idata        000000
__LidataBANK0                      idataBANK0   000000
__LidataCOMRAM                     idataCOMRAM  000000
__Lidloc                           idloc        200000
__Lifardata                        ifardata     000000
__Linit                            init         00000E
__Lintcode                         intcode      000008
__Lintcode_body                    intcode_body 000000
__Lintcodelo                       intcodelo    00000E
__Lintentry                        intentry     000000
__Lintret                          intret       000000
__Lintsave_regs                    intsave_regs 000000
__Lirdata                          irdata       000000
__Lmediumconst                     mediumconst  00FD0C
__LnvFARRAM                        nvFARRAM     000000
__Lnvbit                           nvbit        000000
__Lnvrram                          nvrram       000000
__Lparam                           rparam       000000
__Lpowerup                         powerup      00000E
__Lram                             ram          000000
__Lramtop                          ramtop       001000
__Lrbit                            rbit         000000
__Lrbss                            rbss         000000
__Lrdata                           rdata        000000
__Lreset_vec                       reset_vec    000000
__Lrparam                          rparam       000000
__Lsfr                             sfr          000000
__Lsmallconst                      smallconst   000000
__Lspace_0                         (abs)        000000
__Lspace_1                         (abs)        000000
__Lspace_2                         (abs)        000000
__Lstack                           stack        000000
__Lstruct                          struct       000000
__Ltemp                            temp         000057
__Ltext                            text         000000
__Ltext0                           text0        000000
__Ltext1                           text1        000000
__Ltext10                          text10       000000
__Ltext100                         text100      000000
__Ltext101                         text101      000000
__Ltext102                         text102      000000
__Ltext103                         text103      000000
__Ltext104                         text104      000000
__Ltext105                         text105      000000
__Ltext106                         text106      000000
__Ltext107                         text107      000000
__Ltext108                         text108      000000
__Ltext109                         text109      000000
__Ltext11                          text11       000000
__Ltext12                          text12       000000
__Ltext13                          text13       000000
__Ltext14                          text14       000000
__Ltext15                          text15       000000
__Ltext16                          text16       000000
__Ltext17                          text17       000000
__Ltext18                          text18       000000
__Ltext19                          text19       000000
__Ltext2                           text2        000000
__Ltext20                          text20       000000
__Ltext21                          text21       000000
__Ltext22                          text22       000000
__Ltext23                          text23       000000
__Ltext24                          text24       000000
__Ltext25                          text25       000000
__Ltext26                          text26       000000
__Ltext27                          text27       000000
__Ltext28                          text28       000000
__Ltext29                          text29       000000
__Ltext3                           text3        000000
__Ltext30                          text30       000000
__Ltext31                          text31       000000
__Ltext32                          text32       000000
__Ltext33                          text33       000000
__Ltext34                          text34       000000
__Ltext35                          text35       000000
__Ltext36                          text36       000000
__Ltext37                          text37       000000
__Ltext38                          text38       000000
__Ltext39                          text39       000000
__Ltext4                           text4        000000
__Ltext40                          text40       000000
__Ltext41                          text41       000000
__Ltext42                          text42       000000
__Ltext43                          text43       000000
__Ltext44                          text44       000000
__Ltext45                          text45       000000
__Ltext46                          text46       000000
__Ltext47                          text47       000000
__Ltext48                          text48       000000
__Ltext49                          text49       000000
__Ltext5                           text5        000000
__Ltext50                          text50       000000
__Ltext51                          text51       000000
__Ltext52                          text52       000000
__Ltext53                          text53       000000
__Ltext54                          text54       000000
__Ltext55                          text55       000000
__Ltext56                          text56       000000
__Ltext57                          text57       000000
__Ltext58                          text58       000000
__Ltext59                          text59       000000
__Ltext6                           text6        000000
__Ltext60                          text60       000000
__Ltext61                          text61       000000
__Ltext62                          text62       000000
__Ltext63                          text63       000000
__Ltext64                          text64       000000
__Ltext65                          text65       000000
__Ltext66                          text66       000000
__Ltext67                          text67       000000
__Ltext68                          text68       000000
__Ltext69                          text69       000000
__Ltext7                           text7        000000
__Ltext70                          text70       000000
__Ltext71                          text71       000000
__Ltext72                          text72       000000
__Ltext73                          text73       000000
__Ltext74                          text74       000000
__Ltext75                          text75       000000
__Ltext76                          text76       000000
__Ltext77                          text77       000000
__Ltext78                          text78       000000
__Ltext79                          text79       000000
__Ltext8                           text8        000000
__Ltext80                          text80       000000
__Ltext81                          text81       000000
__Ltext82                          text82       000000
__Ltext83                          text83       000000
__Ltext85                          text85       000000
__Ltext86                          text86       000000
__Ltext87                          text87       000000
__Ltext88                          text88       000000
__Ltext89                          text89       000000
__Ltext9                           text9        000000
__Ltext90                          text90       000000
__Ltext91                          text91       000000
__Ltext92                          text92       000000
__Ltext93                          text93       000000
__Ltext94                          text94       000000
__Ltext95                          text95       000000
__Ltext96                          text96       000000
__Ltext97                          text97       000000
__Ltext98                          text98       000000
__Ltext99                          text99       000000
__S0                               (abs)        30000E
__S1                               (abs)        0001A2
__S2                               (abs)        000000
___aldiv                           text65       003CBE
___aldiv@counter                   cstackBANK0  000092
___aldiv@dividend                  cstackBANK0  00008A
___aldiv@divisor                   cstackBANK0  00008E
___aldiv@quotient                  cstackBANK0  000094
___aldiv@sign                      cstackBANK0  000093
___almod                           text64       003F14
___almod@counter                   cstackBANK0  000088
___almod@dividend                  cstackBANK0  000080
___almod@divisor                   cstackBANK0  000084
___almod@sign                      cstackBANK0  000089
___awdiv                           text60       00451A
___awdiv@counter                   cstackBANK0  000084
___awdiv@dividend                  cstackBANK0  000080
___awdiv@divisor                   cstackBANK0  000082
___awdiv@quotient                  cstackBANK0  000086
___awdiv@sign                      cstackBANK0  000085
___awmod                           text41       0048FE
___awmod@counter                   cstackBANK0  000084
___awmod@dividend                  cstackBANK0  000080
___awmod@divisor                   cstackBANK0  000082
___awmod@sign                      cstackBANK0  000085
___fladd                           text63       0015D6
___fladd@a                         cstackBANK0  000084
___fladd@aexp                      cstackBANK0  00008D
___fladd@b                         cstackBANK0  000080
___fladd@bexp                      cstackBANK0  00008E
___fladd@grs                       cstackBANK0  00008F
___fladd@signs                     cstackBANK0  00008C
___fldiv                           text14       001BF0
___fldiv@a                         cstackBANK0  000084
___fldiv@aexp                      cstackBANK0  000098
___fldiv@b                         cstackBANK0  000080
___fldiv@bexp                      cstackBANK0  000097
___fldiv@grs                       cstackBANK0  000093
___fldiv@new_exp                   cstackBANK0  000091
___fldiv@rem                       cstackBANK0  00008C
___fldiv@sign                      cstackBANK0  000090
___fleq                            text22       004408
___fleq@ff1                        cstackBANK0  000090
___fleq@ff2                        cstackBANK0  000094
___flge                            text62       003BEC
___flge@ff1                        cstackBANK0  000098
___flge@ff2                        cstackBANK0  00009C
___flmul                           text12       001282
___flmul@a                         cstackBANK0  000084
___flmul@aexp                      cstackBANK0  00008D
___flmul@b                         cstackBANK0  000080
___flmul@bexp                      cstackBANK0  000092
___flmul@grs                       cstackBANK0  00008E
___flmul@prod                      cstackBANK0  000093
___flmul@sign                      cstackBANK0  00008C
___flmul@temp                      cstackBANK0  000097
___flsub                           text31       005052
___flsub@a                         cstackBANK0  000094
___flsub@b                         cstackBANK0  000090
___fltol                           text11       003E58
___fltol@exp1                      cstackBANK0  0000A2
___fltol@f1                        cstackBANK0  000099
___fltol@sign1                     cstackBANK0  0000A1
___inthi_sp                        stack        000000
___intlo_sp                        stack        000000
___lldiv                           text57       0045A0
___lldiv@counter                   cstackBANK0  00008C
___lldiv@dividend                  cstackBANK0  000080
___lldiv@divisor                   cstackBANK0  000084
___lldiv@quotient                  cstackBANK0  000088
___llmod                           text83       004A48
___llmod@counter                   cstackBANK0  000088
___llmod@dividend                  cstackBANK0  000080
___llmod@divisor                   cstackBANK0  000084
___lwdiv                           text80       004CEC
___lwdiv@counter                   cstackBANK0  000084
___lwdiv@dividend                  cstackBANK0  000080
___lwdiv@divisor                   cstackBANK0  000082
___lwdiv@quotient                  cstackBANK0  000085
___lwmod                           text79       00509A
___lwmod@counter                   cstackBANK0  00008B
___lwmod@dividend                  cstackBANK0  000087
___lwmod@divisor                   cstackBANK0  000089
___param_bank                      (abs)        000000
___rparam_used                     (abs)        000001
___sp                              stack        000000
___wmul                            text78       0052B2
___wmul@multiplicand               cstackBANK0  00008A
___wmul@multiplier                 cstackBANK0  000088
___wmul@product                    cstackBANK0  00008C
__accesstop                        (abs)        000080
__activetblptr                     (abs)        000002
__end_of_Cones                     text47       004B76
__end_of_Cracks                    text43       00488C
__end_of_Holes2                    text42       004816
__end_of_I2C_Master_Init           text56       004BD6
__end_of_I2C_Master_Read           text54       005260
__end_of_I2C_Master_Start          text53       0055AA
__end_of_I2C_Master_Stop           text52       0055A2
__end_of_I2C_Master_Wait           text55       0054FC
__end_of_I2C_Master_Write          text51       005590
__end_of_LCD_LINE1_ADDR            mediumconst  00FD3C
__end_of_LCD_LINE2_ADDR            mediumconst  00FD3B
__end_of_LCD_LINE3_ADDR            mediumconst  00FD3A
__end_of_LCD_LINE4_ADDR            mediumconst  00FD39
__end_of_LCD_SIZE_HORZ             mediumconst  00FD3E
__end_of_LCD_SIZE_VERT             mediumconst  00FD3D
__end_of_L_I                       text68       005160
__end_of_R_I                       text67       004ED4
__end_of_Stop                      text66       005562
__end_of___aldiv                   text65       003D8C
__end_of___almod                   text64       003FC2
__end_of___awdiv                   text60       0045A0
__end_of___awmod                   text41       004970
__end_of___fladd                   text63       0018E4
__end_of___fldiv                   text14       001E7A
__end_of___fleq                    text22       004494
__end_of___flge                    text62       003CBE
__end_of___flmul                   text12       0015D6
__end_of___flsub                   text31       00509A
__end_of___fltol                   text11       003F14
__end_of___lldiv                   text57       004624
__end_of___llmod                   text83       004AB0
__end_of___lwdiv                   text80       004D40
__end_of___lwmod                   text79       0050DE
__end_of___wmul                    text78       0052DA
__end_of__initialization           cinit        0048F0
__end_of_backw                     text61       0054D2
__end_of_car_length                mediumconst  00FD38
__end_of_car_width                 mediumconst  00FD46
__end_of_clear_finish              text71       005510
__end_of_clear_mem                 text81       004408
__end_of_clear_select              text69       005392
__end_of_completion_return         text49       000BA2
__end_of_completion_write          text58       002FEA
__end_of_configureports            text48       005052
__end_of_crack_drop_bool_function  text21       00397A
__end_of_data1                     text36       00536E
__end_of_data2                     text35       005208
__end_of_data3                     text34       005008
__end_of_data4                     text33       004FBC
__end_of_data_disp                 text37       001282
__end_of_data_select               text32       004D92
__end_of_digit0                    text46       004B14
__end_of_dpowers                   mediumconst  00FD28
__end_of_drop_function             text26       004250
__end_of_drop_record               text20       0047A0
__end_of_half_lane_width           mediumconst  00FD30
__end_of_hole_dispense_function    text30       000F28
__end_of_hole_drop_bool_function   text19       003820
__end_of_initLCD                   text25       0049E0
__end_of_initialize_func           text87       003544
__end_of_initmoving_disp           text24       0052B2
__end_of_interruptHandler          intcode_body 000814
__end_of_isdigit                   text77       0053FC
__end_of_keys                      mediumconst  00FD1E
__end_of_lc_R                      mediumconst  00FD42
__end_of_lcdInst                   text70       005544
__end_of_left_crack_drop           text29       002DEC
__end_of_main                      text0        00046E
__end_of_mc_L                      mediumconst  00FD34
__end_of_middle_crack_drop         text28       002BE0
__end_of_moving                    text15       00541A
__end_of_nextLine                  text45       004C90
__end_of_normal_updater            text23       003AB6
__end_of_one_byte_reader           text40       005472
__end_of_ot                        text39       0041B4
__end_of_page1                     text8        0051D0
__end_of_page2                     text7        005198
__end_of_page3                     text6        0046A6
__end_of_page4                     text4        004A48
__end_of_page5                     text3        0036C6
__end_of_page6                     text2        00534A
__end_of_printf                    text72       00235E
__end_of_printintarray2            text44       0031DC
__end_of_pulse_e                   text76       005236
__end_of_putch                     text73       005554
__end_of_readRTC                   text50       004116
__end_of_read_encoder              text13       00437A
__end_of_read_pointer              text82       005300
__end_of_read_total                text5        004C34
__end_of_record                    text10       0027C8
__end_of_right_crack_drop          text27       0029D4
__end_of_send_byte                 text74       0054A4
__end_of_send_nibble               text75       00548C
__end_of_sensed_function_3         text9        003392
__end_of_standby_rotating          text1        00451A
__end_of_straight                  text18       004F22
__end_of_subtract                  text38       005438
__end_of_turn_left                 text17       004E84
__end_of_turn_right                text16       004E34
__end_of_update_pointer            text59       004F70
__end_of_whole_distance            mediumconst  00FD2C
__end_ofi2_I2C_Master_Init         text95       004CEC
__end_ofi2_I2C_Master_Read         text93       0053B6
__end_ofi2_I2C_Master_Start        text92       0055BA
__end_ofi2_I2C_Master_Stop         text91       0055B2
__end_ofi2_I2C_Master_Wait         text94       005522
__end_ofi2_I2C_Master_Write        text90       00559A
__end_ofi2___aldiv                 text98       003E58
__end_ofi2___almod                 text97       00406E
__end_ofi2___fladd                 text86       001BF0
__end_ofi2___fldiv                 text85       002102
__end_ofi2___lldiv                 text96       004728
__end_ofi2___lwdiv                 text105      004DE4
__end_ofi2___lwmod                 text104      005120
__end_ofi2___wmul                  text103      005326
__end_ofi2_initmoving_disp         text99       0053DA
__end_ofi2_isdigit                 text102      005456
__end_ofi2_lcdInst                 text106      00557A
__end_ofi2_normal_updater          text88       003BEC
__end_ofi2_printf                  text100      0025A4
__end_ofi2_pulse_e                 text109      00528A
__end_ofi2_putch                   text101      00556E
__end_ofi2_readRTC                 text89       0042EC
__end_ofi2_send_byte               text107      005534
__end_ofi2_send_nibble             text108      0054E8
__initialization                   cinit        00488C
__mediumconst                      mediumconst  00FD0C
__pbssBANK0                        bssBANK0     0000B8
__pbssBANK1                        bssBANK1     000100
__pbssCOMRAM                       bssCOMRAM    000034
__pcinit                           cinit        00488C
__pcstackBANK0                     cstackBANK0  000080
__pcstackBANK1                     cstackBANK1  000192
__pcstackCOMRAM                    cstackCOMRAM 000001
__pdataBANK0                       dataBANK0    0000E8
__pdataCOMRAM                      dataCOMRAM   00004C
__pidataBANK0                      idataBANK0   0054A4
__pidataCOMRAM                     idataCOMRAM  00557A
__pintcode                         intcode      000008
__pintcode_body                    intcode_body 00046E
__pmediumconst                     mediumconst  00FD0C
__ptext0                           text0        000012
__ptext1                           text1        004494
__ptext10                          text10       0025A4
__ptext100                         text100      00235E
__ptext101                         text101      005562
__ptext102                         text102      005438
__ptext103                         text103      005300
__ptext104                         text104      0050DE
__ptext105                         text105      004D92
__ptext106                         text106      00556E
__ptext107                         text107      005522
__ptext108                         text108      0054D2
__ptext109                         text109      005260
__ptext11                          text11       003E58
__ptext12                          text12       001282
__ptext13                          text13       0042EC
__ptext14                          text14       001BF0
__ptext15                          text15       0053FC
__ptext16                          text16       004DE4
__ptext17                          text17       004E34
__ptext18                          text18       004ED4
__ptext19                          text19       0036C6
__ptext2                           text2        005326
__ptext20                          text20       004728
__ptext21                          text21       003820
__ptext22                          text22       004408
__ptext23                          text23       00397A
__ptext24                          text24       00528A
__ptext25                          text25       004970
__ptext26                          text26       0041B4
__ptext27                          text27       0027C8
__ptext28                          text28       0029D4
__ptext29                          text29       002BE0
__ptext3                           text3        003544
__ptext30                          text30       000BA2
__ptext31                          text31       005052
__ptext32                          text32       004D40
__ptext33                          text33       004F70
__ptext34                          text34       004FBC
__ptext35                          text35       0051D0
__ptext36                          text36       00534A
__ptext37                          text37       000F28
__ptext38                          text38       00541A
__ptext39                          text39       004116
__ptext4                           text4        0049E0
__ptext40                          text40       005456
__ptext41                          text41       0048FE
__ptext42                          text42       0047A0
__ptext43                          text43       004816
__ptext44                          text44       002FEA
__ptext45                          text45       004C34
__ptext46                          text46       004AB0
__ptext47                          text47       004B14
__ptext48                          text48       005008
__ptext49                          text49       000814
__ptext5                           text5        004BD6
__ptext50                          text50       00406E
__ptext51                          text51       005586
__ptext52                          text52       00559A
__ptext53                          text53       0055A2
__ptext54                          text54       005236
__ptext55                          text55       0054E8
__ptext56                          text56       004B76
__ptext57                          text57       0045A0
__ptext58                          text58       002DEC
__ptext59                          text59       004F22
__ptext6                           text6        004624
__ptext60                          text60       00451A
__ptext61                          text61       0054BC
__ptext62                          text62       003BEC
__ptext63                          text63       0015D6
__ptext64                          text64       003F14
__ptext65                          text65       003CBE
__ptext66                          text66       005554
__ptext67                          text67       004E84
__ptext68                          text68       005120
__ptext69                          text69       00536E
__ptext7                           text7        005160
__ptext70                          text70       005534
__ptext71                          text71       0054FC
__ptext72                          text72       002102
__ptext73                          text73       005544
__ptext74                          text74       00548C
__ptext75                          text75       005472
__ptext76                          text76       005208
__ptext77                          text77       0053DA
__ptext78                          text78       0052B2
__ptext79                          text79       00509A
__ptext8                           text8        005198
__ptext80                          text80       004CEC
__ptext81                          text81       00437A
__ptext82                          text82       0052DA
__ptext83                          text83       004A48
__ptext85                          text85       001E7A
__ptext86                          text86       0018E4
__ptext87                          text87       003392
__ptext88                          text88       003AB6
__ptext89                          text89       004250
__ptext9                           text9        0031DC
__ptext90                          text90       005590
__ptext91                          text91       0055AA
__ptext92                          text92       0055B2
__ptext93                          text93       005392
__ptext94                          text94       005510
__ptext95                          text95       004C90
__ptext96                          text96       0046A6
__ptext97                          text97       003FC2
__ptext98                          text98       003D8C
__ptext99                          text99       0053B6
__ramtop                           ramtop       001000
__size_of_Cones                    (abs)        000000
__size_of_Cracks                   (abs)        000000
__size_of_Holes2                   (abs)        000000
__size_of_I2C_Master_Init          (abs)        000000
__size_of_I2C_Master_Read          (abs)        000000
__size_of_I2C_Master_Start         (abs)        000000
__size_of_I2C_Master_Stop          (abs)        000000
__size_of_I2C_Master_Wait          (abs)        000000
__size_of_I2C_Master_Write         (abs)        000000
__size_of_L_I                      (abs)        000000
__size_of_R_I                      (abs)        000000
__size_of_Stop                     (abs)        000000
__size_of___aldiv                  (abs)        000000
__size_of___almod                  (abs)        000000
__size_of___awdiv                  (abs)        000000
__size_of___awmod                  (abs)        000000
__size_of___fladd                  (abs)        000000
__size_of___fldiv                  (abs)        000000
__size_of___fleq                   (abs)        000000
__size_of___flge                   (abs)        000000
__size_of___flmul                  (abs)        000000
__size_of___flsub                  (abs)        000000
__size_of___fltol                  (abs)        000000
__size_of___lldiv                  (abs)        000000
__size_of___llmod                  (abs)        000000
__size_of___lwdiv                  (abs)        000000
__size_of___lwmod                  (abs)        000000
__size_of___wmul                   (abs)        000000
__size_of_backw                    (abs)        000000
__size_of_clear_finish             (abs)        000000
__size_of_clear_mem                (abs)        000000
__size_of_clear_select             (abs)        000000
__size_of_completion_return        (abs)        000000
__size_of_completion_write         (abs)        000000
__size_of_configureports           (abs)        000000
__size_of_crack_drop_bool_function (abs)        000000
__size_of_data1                    (abs)        000000
__size_of_data2                    (abs)        000000
__size_of_data3                    (abs)        000000
__size_of_data4                    (abs)        000000
__size_of_data_disp                (abs)        000000
__size_of_data_select              (abs)        000000
__size_of_digit0                   (abs)        000000
__size_of_drop_function            (abs)        000000
__size_of_drop_record              (abs)        000000
__size_of_hole_dispense_function   (abs)        000000
__size_of_hole_drop_bool_function  (abs)        000000
__size_of_initLCD                  (abs)        000000
__size_of_initialize_func          (abs)        000000
__size_of_initmoving_disp          (abs)        000000
__size_of_interruptHandler         (abs)        000000
__size_of_isdigit                  (abs)        000000
__size_of_lcdInst                  (abs)        000000
__size_of_left_crack_drop          (abs)        000000
__size_of_main                     (abs)        000000
__size_of_middle_crack_drop        (abs)        000000
__size_of_moving                   (abs)        000000
__size_of_nextLine                 (abs)        000000
__size_of_normal_updater           (abs)        000000
__size_of_one_byte_reader          (abs)        000000
__size_of_ot                       (abs)        000000
__size_of_page1                    (abs)        000000
__size_of_page2                    (abs)        000000
__size_of_page3                    (abs)        000000
__size_of_page4                    (abs)        000000
__size_of_page5                    (abs)        000000
__size_of_page6                    (abs)        000000
__size_of_printf                   (abs)        000000
__size_of_printintarray2           (abs)        000000
__size_of_pulse_e                  (abs)        000000
__size_of_putch                    (abs)        000000
__size_of_readRTC                  (abs)        000000
[...]
 Registers used:
		wreg, status,2, status,0, prodl, prodh
 Tracked objects:
		On entry : 
		On exit  : 
		Unchanged: 
 Data sizes:     COMRAM   BANK0   BANK1   BANK2   BANK3   BANK4   BANK5   BANK6   BANK7   BANK8   BANK9  BANK10  BANK11  BANK12  BANK13  BANK14  BANK15
      Params:         4       0       0       0       0       0       0       0       0       0       0       0       0       0       0       0       0
      Locals:         2       0       0       0       0       0       0       0       0       0       0       0       0       0       0       0       0
      Temps:          0       0       0       0       0       0       0       0       0       0       0       0       0       0       0       0       0
      Totals:         6       0       0       0       0       0       0       0       0       0       0       0       0       0       0       0       0
Total ram usage:        6 bytes
 Hardware stack levels used:    1
 This function calls:
		Nothing
 This function is called by:
		_initialize_func
		_interruptHandler
		i2_normal_updater
		i2_printf
 This function uses a non-reentrant model


 *************** function i2___lwmod *****************
 Defined at:
		line 7 in file "C:\Program Files (x86)\Microchip\xc8\v2.05\pic\sources\c90\common\lwmod.c"
 Parameters:    Size  Location     Type
  dividend        2    7[COMRAM] unsigned int 
  divisor         2    9[COMRAM] unsigned int 
 Auto vars:     Size  Location     Type
  __lwmod         1   11[COMRAM] unsigned char 
 Return value:  Size  Location     Type
                  2    7[COMRAM] unsigned int 
 Registers used:
		wreg, status,2, status,0
 Tracked objects:
		On entry : 
		On exit  : 
		Unchanged: 
 Data sizes:     COMRAM   BANK0   BANK1   BANK2   BANK3   BANK4   BANK5   BANK6   BANK7   BANK8   BANK9  BANK10  BANK11  BANK12  BANK13  BANK14  BANK15
      Params:         4       0       0       0       0       0       0       0       0       0       0       0       0       0       0       0       0
      Locals:         1       0       0       0       0       0       0       0       0       0       0       0       0       0       0       0       0
      Temps:          0       0       0       0       0       0       0       0       0       0       0       0       0       0       0       0       0
      Totals:         5       0       0       0       0       0       0       0       0       0       0       0       0       0       0       0       0
Total ram usage:        5 bytes
 Hardware stack levels used:    1
 This function calls:
		Nothing
 This function is called by:
		i2_printf
 This function uses a non-reentrant model


 *************** function i2___lwdiv *****************
 Defined at:
		line 7 in file "C:\Program Files (x86)\Microchip\xc8\v2.05\pic\sources\c90\common\lwdiv.c"
 Parameters:    Size  Location     Type
  dividend        2    0[COMRAM] unsigned int 
  divisor         2    2[COMRAM] unsigned int 
 Auto vars:     Size  Location     Type
  __lwdiv         2    4[COMRAM] unsigned int 
  __lwdiv         1    6[COMRAM] unsigned char 
 Return value:  Size  Location     Type
                  2    0[COMRAM] unsigned int 
 Registers used:
		wreg, status,2, status,0
 Tracked objects:
		On entry : 
		On exit  : 
		Unchanged: 
 Data sizes:     COMRAM   BANK0   BANK1   BANK2   BANK3   BANK4   BANK5   BANK6   BANK7   BANK8   BANK9  BANK10  BANK11  BANK12  BANK13  BANK14  BANK15
      Params:         4       0       0       0       0       0       0       0       0       0       0       0       0       0       0       0       0
      Locals:         3       0       0       0       0       0       0       0       0       0       0       0       0       0       0       0       0
      Temps:          0       0       0       0       0       0       0       0       0       0       0       0       0       0       0       0       0
      Totals:         7       0       0       0       0       0       0       0       0       0       0       0       0       0       0       0       0
Total ram usage:        7 bytes
 Hardware stack levels used:    1
 This function calls:
		Nothing
 This function is called by:
		i2_printf
 This function uses a non-reentrant model


 *************** function i2_lcdInst *****************
 Defined at:
		line 56 in file "lcd.c"
 Parameters:    Size  Location     Type
  data            1    wreg     unsigned char 
 Auto vars:     Size  Location     Type
  data            1    3[COMRAM] unsigned char 
 Return value:  Size  Location     Type
                  1    wreg      void 
 Registers used:
		wreg, status,2, status,0, cstack
 Tracked objects:
		On entry : 
		On exit  : 
		Unchanged: 
 Data sizes:     COMRAM   BANK0   BANK1   BANK2   BANK3   BANK4   BANK5   BANK6   BANK7   BANK8   BANK9  BANK10  BANK11  BANK12  BANK13  BANK14  BANK15
      Params:         0       0       0       0       0       0       0       0       0       0       0       0       0       0       0       0       0
      Locals:         1       0       0       0       0       0       0       0       0       0       0       0       0       0       0       0       0
      Temps:          0       0       0       0       0       0       0       0       0       0       0       0       0       0       0       0       0
      Totals:         1       0       0       0       0       0       0       0       0       0       0       0       0       0       0       0       0
Total ram usage:        1 bytes
 Hardware stack levels used:    1
 Hardware stack levels required when called:    3
 This function calls:
		i2_send_byte
 This function is called by:
		_interruptHandler
		i2_initmoving_disp
 This function uses a non-reentrant model


 *************** function i2_send_byte *****************
 Defined at:
		line 47 in file "lcd.c"
 Parameters:    Size  Location     Type
  data            1    wreg     unsigned char 
 Auto vars:     Size  Location     Type
  data            1    2[COMRAM] unsigned char 
 Return value:  Size  Location     Type
                  1    wreg      void 
 Registers used:
		wreg, status,2, status,0, cstack
 Tracked objects:
		On entry : 
		On exit  : 
		Unchanged: 
 Data sizes:     COMRAM   BANK0   BANK1   BANK2   BANK3   BANK4   BANK5   BANK6   BANK7   BANK8   BANK9  BANK10  BANK11  BANK12  BANK13  BANK14  BANK15
      Params:         0       0       0       0       0       0       0       0       0       0       0       0       0       0       0       0       0
      Locals:         1       0       0       0       0       0       0       0       0       0       0       0       0       0       0       0       0
      Temps:          0       0       0       0       0       0       0       0       0       0       0       0       0       0       0       0       0
      Totals:         1       0       0       0       0       0       0       0       0       0       0       0       0       0       0       0       0
Total ram usage:        1 bytes
 Hardware stack levels used:    1
 Hardware stack levels required when called:    2
 This function calls:
		i2_send_nibble
 This function is called by:
		i2_lcdInst
		i2_putch
 This function uses a non-reentrant model


 *************** function i2_send_nibble *****************
 Defined at:
		line 36 in file "lcd.c"
 Parameters:    Size  Location     Type
  data            1    wreg     unsigned char 
 Auto vars:     Size  Location     Type
  data            1    1[COMRAM] unsigned char 
 Return value:  Size  Location     Type
                  1    wreg      void 
 Registers used:
		wreg, status,2, status,0, cstack
 Tracked objects:
		On entry : 
		On exit  : 
		Unchanged: 
 Data sizes:     COMRAM   BANK0   BANK1   BANK2   BANK3   BANK4   BANK5   BANK6   BANK7   BANK8   BANK9  BANK10  BANK11  BANK12  BANK13  BANK14  BANK15
      Params:         0       0       0       0       0       0       0       0       0       0       0       0       0       0       0       0       0
      Locals:         1       0       0       0       0       0       0       0       0       0       0       0       0       0       0       0       0
      Temps:          0       0       0       0       0       0       0       0       0       0       0       0       0       0       0       0       0
      Totals:         1       0       0       0       0       0       0       0       0       0       0       0       0       0       0       0       0
Total ram usage:        1 bytes
 Hardware stack levels used:    1
 Hardware stack levels required when called:    1
 This function calls:
		i2_pulse_e
 This function is called by:
		i2_send_byte
 This function uses a non-reentrant model


 *************** function i2_pulse_e *****************
 Defined at:
		line 20 in file "lcd.c"
 Parameters:    Size  Location     Type
		None
 Auto vars:     Size  Location     Type
  pulse_e         1    0[COMRAM] unsigned char 
 Return value:  Size  Location     Type
                  1    wreg      void 
 Registers used:
		wreg
 Tracked objects:
		On entry : 
		On exit  : 
		Unchanged: 
 Data sizes:     COMRAM   BANK0   BANK1   BANK2   BANK3   BANK4   BANK5   BANK6   BANK7   BANK8   BANK9  BANK10  BANK11  BANK12  BANK13  BANK14  BANK15
      Params:         0       0       0       0       0       0       0       0       0       0       0       0       0       0       0       0       0
      Locals:         1       0       0       0       0       0       0       0       0       0       0       0       0       0       0       0       0
      Temps:          0       0       0       0       0       0       0       0       0       0       0       0       0       0       0       0       0
      Totals:         1       0       0       0       0       0       0       0       0       0       0       0       0       0       0       0       0
Total ram usage:        1 bytes
 Hardware stack levels used:    1
 This function calls:
		Nothing
 This function is called by:
		i2_send_nibble
 This function uses a non-reentrant model



MODULE INFORMATION

Module		Function		Class		Link	Load	Size
C:\Program Files (x86)\Microchip\xc8\v2.05\pic\sources\c90\common\isdigit.c
		_isdigit       		CODE           	53DA	0000	35

C:\Program Files (x86)\Microchip\xc8\v2.05\pic\sources\c90\common\isdigit.c estimated size: 35

C:\Program Files (x86)\Microchip\xc8\v2.05\pic\sources\c90\common\sprcadd.c
		___flsub       		CODE           	5052	0000	73
		___fladd       		CODE           	15D6	0000	783

C:\Program Files (x86)\Microchip\xc8\v2.05\pic\sources\c90\common\sprcadd.c estimated size: 856

C:\Program Files (x86)\Microchip\xc8\v2.05\pic\sources\c90\common\doprnt.c
		_printf        		CODE           	2102	0000	605

C:\Program Files (x86)\Microchip\xc8\v2.05\pic\sources\c90\common\doprnt.c estimated size: 605

C:\Program Files (x86)\Microchip\xc8\v2.05\pic\sources\c90\common\llmod.c
		___llmod       		CODE           	4A48	0000	105

C:\Program Files (x86)\Microchip\xc8\v2.05\pic\sources\c90\common\llmod.c estimated size: 105

sensor.c
		_drop_record   		CODE           	4728	0000	121
		_record        		CODE           	25A4	0000	549
		_crack_drop_bool_function		CODE           	3820	0000	347
		_sensed_function_3		CODE           	31DC	0000	439
		_hole_drop_bool_function		CODE           	36C6	0000	347

sensor.c estimated size: 1803

interrupt handler.c
		_interruptHandler		CODE           	0008	0000	941

interrupt handler.c estimated size: 941

dispense.c
		_drop_function 		CODE           	41B4	0000	157
		_left_crack_drop		CODE           	2BE0	0000	525
		_hole_dispense_function		CODE           	0BA2	0000	903
		_middle_crack_drop		CODE           	29D4	0000	525
		_right_crack_drop		CODE           	27C8	0000	525

dispense.c estimated size: 2635

C:\Program Files (x86)\Microchip\xc8\v2.05\pic\sources\c90\common\awmod.c
		___awmod       		CODE           	48FE	0000	115

C:\Program Files (x86)\Microchip\xc8\v2.05\pic\sources\c90\common\awmod.c estimated size: 115

C:\Program Files (x86)\Microchip\xc8\v2.05\pic\sources\c90\common\almod.c
		___almod       		CODE           	3F14	0000	175

C:\Program Files (x86)\Microchip\xc8\v2.05\pic\sources\c90\common\almod.c estimated size: 175

I2C.c
		_I2C_Master_Read		CODE           	5236	0000	43
		_I2C_Master_Wait		CODE           	54E8	0000	21
		_I2C_Master_Init		CODE           	4B76	0000	97
		_I2C_Master_Stop		CODE           	559A	0000	9
		_I2C_Master_Write		CODE           	5586	0000	11
		_I2C_Master_Start		CODE           	55A2	0000	9

I2C.c estimated size: 190

C:\Program Files (x86)\Microchip\xc8\v2.05\pic\sources\c90\common\lwdiv.c
		___lwdiv       		CODE           	4CEC	0000	85

C:\Program Files (x86)\Microchip\xc8\v2.05\pic\sources\c90\common\lwdiv.c estimated size: 85

C:\Program Files (x86)\Microchip\xc8\v2.05\pic\sources\c90\common\fltol.c
		___fltol       		CODE           	3E58	0000	189

C:\Program Files (x86)\Microchip\xc8\v2.05\pic\sources\c90\common\fltol.c estimated size: 189

encoder_motor.c
		_L_I           		CODE           	5120	0000	65
		_read_encoder  		CODE           	42EC	0000	143
		_moving        		CODE           	53FC	0000	31
		_straight      		CODE           	4ED4	0000	79
		_R_I           		CODE           	4E84	0000	81
		_backw         		CODE           	54BC	0000	23
		_turn_left     		CODE           	4E34	0000	81
		_Stop          		CODE           	5554	0000	15
		_turn_right    		CODE           	4DE4	0000	81

encoder_motor.c estimated size: 599

C:\Program Files (x86)\Microchip\xc8\v2.05\pic\sources\c90\common\Umul16.c
		___wmul        		CODE           	52B2	0000	41

C:\Program Files (x86)\Microchip\xc8\v2.05\pic\sources\c90\common\Umul16.c estimated size: 41

C:\Program Files (x86)\Microchip\xc8\v2.05\pic\sources\c90\common\flge.c
		___flge        		CODE           	3BEC	0000	211

C:\Program Files (x86)\Microchip\xc8\v2.05\pic\sources\c90\common\flge.c estimated size: 211

C:\Program Files (x86)\Microchip\xc8\v2.05\pic\sources\c90\common\awdiv.c
		___awdiv       		CODE           	451A	0000	135

C:\Program Files (x86)\Microchip\xc8\v2.05\pic\sources\c90\common\awdiv.c estimated size: 135

EEPROM.c
		_subtract      		CODE           	541A	0000	31
		_completion_write		CODE           	2DEC	0000	511
		_clear_mem     		CODE           	437A	0000	143
		_read_pointer  		CODE           	52DA	0000	39
		_update_pointer		CODE           	4F22	0000	79
		_read_total    		CODE           	4BD6	0000	95
		_one_byte_reader		CODE           	5456	0000	29

EEPROM.c estimated size: 927

shared
		i2_printf      		CODE           	235E	0000	583
		i2_send_byte   		CODE           	5522	0000	19
		i2_I2C_Master_Start		CODE           	55B2	0000	9
		i2_putch       		CODE           	5562	0000	13
		i2_send_nibble 		CODE           	54D2	0000	23
		i2_pulse_e     		CODE           	5260	0000	43
		_dpowers       		MEDIUMCONST    	FD1E	0000	11
		i2___lwdiv     		CODE           	4D92	0000	83
		i2_isdigit     		CODE           	5438	0000	31
		_car_length    		MEDIUMCONST    	0000	0000	0
		i2___fladd     		CODE           	18E4	0000	781
		i2___wmul      		CODE           	5300	0000	39
		i2_I2C_Master_Read		CODE           	5392	0000	37
		i2___fldiv     		CODE           	1E7A	0000	649
		i2___lwmod     		CODE           	50DE	0000	67
		_LCD_LINE1_ADDR		MEDIUMCONST    	FD3B	0000	2
		_LCD_LINE2_ADDR		MEDIUMCONST    	FD3A	0000	2
		_LCD_LINE3_ADDR		MEDIUMCONST    	FD39	0000	2
		_LCD_LINE4_ADDR		MEDIUMCONST    	FD38	0000	2
		_keys          		MEDIUMCONST    	FD0D	0000	18
		_half_lane_width		MEDIUMCONST    	0000	0000	0
		i2___lldiv     		CODE           	46A6	0000	131
		_lc_R          		MEDIUMCONST    	0000	0000	0
		__initialization		CODE           	488C	0000	101
		i2___aldiv     		CODE           	3D8C	0000	205
		i2_I2C_Master_Wait		CODE           	5510	0000	19
		i2_I2C_Master_Init		CODE           	4C90	0000	93
		i2_I2C_Master_Stop		CODE           	55AA	0000	9
		_car_width     		MEDIUMCONST    	0000	0000	0
		_whole_distance		MEDIUMCONST    	0000	0000	0
		i2___almod     		CODE           	3FC2	0000	173
		i2_readRTC     		CODE           	4250	0000	157
		_LCD_SIZE_VERT 		MEDIUMCONST    	FD3C	0000	2
		_LCD_SIZE_HORZ 		MEDIUMCONST    	FD3D	0000	2
		i2_lcdInst     		CODE           	556E	0000	13
		i2_I2C_Master_Write		CODE           	5590	0000	11
		i2_normal_updater		CODE           	3AB6	0000	311
		_mc_L          		MEDIUMCONST    	0000	0000	0
		i2_initmoving_disp		CODE           	53B6	0000	37

shared estimated size: 3678

C:\Program Files (x86)\Microchip\xc8\v2.05\pic\sources\c90\common\sprcmul.c
		___flmul       		CODE           	1282	0000	853

C:\Program Files (x86)\Microchip\xc8\v2.05\pic\sources\c90\common\sprcmul.c estimated size: 853

C:\Program Files (x86)\Microchip\xc8\v2.05\pic\sources\c90\common\aldiv.c
		___aldiv       		CODE           	3CBE	0000	207

C:\Program Files (x86)\Microchip\xc8\v2.05\pic\sources\c90\common\aldiv.c estimated size: 207

C:\Program Files (x86)\Microchip\xc8\v2.05\pic\sources\c90\common\sprcdiv.c
		___fldiv       		CODE           	1BF0	0000	651

C:\Program Files (x86)\Microchip\xc8\v2.05\pic\sources\c90\common\sprcdiv.c estimated size: 651

display.c
		_page2         		CODE           	5160	0000	57
		_data2         		CODE           	51D0	0000	57
		_page3         		CODE           	4624	0000	131
		_digit0        		CODE           	4AB0	0000	101
		_data3         		CODE           	4FBC	0000	77
		_Cones         		CODE           	4B14	0000	99
		_page4         		CODE           	49E0	0000	105
		_nextLine      		CODE           	4C34	0000	93
		_data4         		CODE           	4F70	0000	77
		_Holes2        		CODE           	47A0	0000	119
		_data_disp     		CODE           	0F28	0000	859
		_page5         		CODE           	3544	0000	387
		_clear_select  		CODE           	536E	0000	37
		_printintarray2		CODE           	2FEA	0000	499
		_clear_finish  		CODE           	54FC	0000	21
		_standby_rotating		CODE           	4494	0000	135
		_ot            		CODE           	4116	0000	159
		_initmoving_disp		CODE           	528A	0000	41
		_page6         		CODE           	5326	0000	37
		_Cracks        		CODE           	4816	0000	119
		_page1         		CODE           	5198	0000	57
		_data_select   		CODE           	4D40	0000	83
		_data1         		CODE           	534A	0000	37

display.c estimated size: 3387

lcd.c
		_send_byte     		CODE           	548C	0000	25
		_putch         		CODE           	5544	0000	17
		_lcdInst       		CODE           	5534	0000	17
		_send_nibble   		CODE           	5472	0000	27
		_pulse_e       		CODE           	5208	0000	47
		_initLCD       		CODE           	4970	0000	113

lcd.c estimated size: 246

C:\Program Files (x86)\Microchip\xc8\v2.05\pic\sources\c90\common\__lldiv.c
		___lldiv       		CODE           	45A0	0000	133

C:\Program Files (x86)\Microchip\xc8\v2.05\pic\sources\c90\common\__lldiv.c estimated size: 133

main.c
		_main          		CODE           	0012	0000	1117
		_configureports		CODE           	5008	0000	75
		_initialize_func		CODE           	3392	0000	435
		_completion_return		CODE           	0814	0000	911
		_normal_updater		CODE           	397A	0000	317

main.c estimated size: 2855

RTC.c
		_readRTC       		CODE           	406E	0000	169

RTC.c estimated size: 169

C:\Program Files (x86)\Microchip\xc8\v2.05\pic\sources\c90\common\fleq.c
		___fleq        		CODE           	4408	0000	141

C:\Program Files (x86)\Microchip\xc8\v2.05\pic\sources\c90\common\fleq.c estimated size: 141

C:\Program Files (x86)\Microchip\xc8\v2.05\pic\sources\c90\common\lwmod.c
		___lwmod       		CODE           	509A	0000	69

C:\Program Files (x86)\Microchip\xc8\v2.05\pic\sources\c90\common\lwmod.c estimated size: 69

